config.json
24
      3 advanced
      3 easy
      3 medium
This should be printed
This should not be printed
Tests
config.json
find.log
names.txt
test.py
doit
wonâ€™t work
works
done
This should be printed
This should not be printed
O
p
e
r
a
t
i
o
n
s
