   27 ../include/utils.h
  101 ../include/log.h
 2055 ../src/main.c
 2183 total
